<?xml version="1.0"?>
<link_info>
   <banner>TI ARM Linker PC v5.2.2</banner>
   <copyright>Copyright (c) 1996-2015 Texas Instruments Incorporated</copyright>
   <link_time>0x571fa41e</link_time>
   <link_errors>0x0</link_errors>
   <output_file>Sensordoam.out</output_file>
   <entry_point>
      <name>_c_int00</name>
      <address>0x11a1</address>
   </entry_point>
   <input_file_list>
      <input_file id="fl-2">
         <path>.\</path>
         <kind>object</kind>
         <file>main.obj</file>
         <name>main.obj</name>
      </input_file>
      <input_file id="fl-3">
         <path>.\</path>
         <kind>object</kind>
         <file>timerdelay.obj</file>
         <name>timerdelay.obj</name>
      </input_file>
      <input_file id="fl-4">
         <path>.\</path>
         <kind>object</kind>
         <file>tm4c123gh6pm_startup_ccs.obj</file>
         <name>tm4c123gh6pm_startup_ccs.obj</name>
      </input_file>
      <input_file id="fl-5">
         <path>.\</path>
         <kind>object</kind>
         <file>uartstdio.obj</file>
         <name>uartstdio.obj</name>
      </input_file>
      <input_file id="fl-b">
         <path>..\</path>
         <kind>archive</kind>
         <file>driverlib.lib</file>
         <name>adc.obj</name>
      </input_file>
      <input_file id="fl-c">
         <path>..\</path>
         <kind>archive</kind>
         <file>driverlib.lib</file>
         <name>gpio.obj</name>
      </input_file>
      <input_file id="fl-d">
         <path>..\</path>
         <kind>archive</kind>
         <file>driverlib.lib</file>
         <name>interrupt.obj</name>
      </input_file>
      <input_file id="fl-e">
         <path>..\</path>
         <kind>archive</kind>
         <file>driverlib.lib</file>
         <name>sysctl.obj</name>
      </input_file>
      <input_file id="fl-f">
         <path>..\</path>
         <kind>archive</kind>
         <file>driverlib.lib</file>
         <name>timer.obj</name>
      </input_file>
      <input_file id="fl-10">
         <path>..\</path>
         <kind>archive</kind>
         <file>driverlib.lib</file>
         <name>uart.obj</name>
      </input_file>
      <input_file id="fl-11">
         <path>..\</path>
         <kind>archive</kind>
         <file>driverlib.lib</file>
         <name>cpu.obj</name>
      </input_file>
      <input_file id="fl-133">
         <path>E:\ccs\ccsv6\tools\compiler\ti-cgt-arm_5.2.2\lib\</path>
         <kind>archive</kind>
         <file>rtsv7M4_T_le_v4SPD16_eabi.lib</file>
         <name>boot.obj</name>
      </input_file>
      <input_file id="fl-134">
         <path>E:\ccs\ccsv6\tools\compiler\ti-cgt-arm_5.2.2\lib\</path>
         <kind>archive</kind>
         <file>rtsv7M4_T_le_v4SPD16_eabi.lib</file>
         <name>copy_decompress_none.obj</name>
      </input_file>
      <input_file id="fl-135">
         <path>E:\ccs\ccsv6\tools\compiler\ti-cgt-arm_5.2.2\lib\</path>
         <kind>archive</kind>
         <file>rtsv7M4_T_le_v4SPD16_eabi.lib</file>
         <name>copy_decompress_rle.obj</name>
      </input_file>
      <input_file id="fl-136">
         <path>E:\ccs\ccsv6\tools\compiler\ti-cgt-arm_5.2.2\lib\</path>
         <kind>archive</kind>
         <file>rtsv7M4_T_le_v4SPD16_eabi.lib</file>
         <name>copy_zero_init.obj</name>
      </input_file>
      <input_file id="fl-137">
         <path>E:\ccs\ccsv6\tools\compiler\ti-cgt-arm_5.2.2\lib\</path>
         <kind>archive</kind>
         <file>rtsv7M4_T_le_v4SPD16_eabi.lib</file>
         <name>exit.obj</name>
      </input_file>
      <input_file id="fl-138">
         <path>E:\ccs\ccsv6\tools\compiler\ti-cgt-arm_5.2.2\lib\</path>
         <kind>archive</kind>
         <file>rtsv7M4_T_le_v4SPD16_eabi.lib</file>
         <name>memcpy_t2.obj</name>
      </input_file>
      <input_file id="fl-139">
         <path>E:\ccs\ccsv6\tools\compiler\ti-cgt-arm_5.2.2\lib\</path>
         <kind>archive</kind>
         <file>rtsv7M4_T_le_v4SPD16_eabi.lib</file>
         <name>memset_t2.obj</name>
      </input_file>
      <input_file id="fl-13a">
         <path>E:\ccs\ccsv6\tools\compiler\ti-cgt-arm_5.2.2\lib\</path>
         <kind>archive</kind>
         <file>rtsv7M4_T_le_v4SPD16_eabi.lib</file>
         <name>pre_init.obj</name>
      </input_file>
      <input_file id="fl-13b">
         <path>E:\ccs\ccsv6\tools\compiler\ti-cgt-arm_5.2.2\lib\</path>
         <kind>archive</kind>
         <file>rtsv7M4_T_le_v4SPD16_eabi.lib</file>
         <name>stkdepth_vars.obj</name>
      </input_file>
      <input_file id="fl-13c">
         <path>E:\ccs\ccsv6\tools\compiler\ti-cgt-arm_5.2.2\lib\</path>
         <kind>archive</kind>
         <file>rtsv7M4_T_le_v4SPD16_eabi.lib</file>
         <name>u_divt2.obj</name>
      </input_file>
      <input_file id="fl-13d">
         <path>E:\ccs\ccsv6\tools\compiler\ti-cgt-arm_5.2.2\lib\</path>
         <kind>archive</kind>
         <file>rtsv7M4_T_le_v4SPD16_eabi.lib</file>
         <name>_lock.obj</name>
      </input_file>
      <input_file id="fl-13e">
         <path>E:\ccs\ccsv6\tools\compiler\ti-cgt-arm_5.2.2\lib\</path>
         <kind>archive</kind>
         <file>rtsv7M4_T_le_v4SPD16_eabi.lib</file>
         <name>args_main.obj</name>
      </input_file>
      <input_file id="fl-13f">
         <path>E:\ccs\ccsv6\tools\compiler\ti-cgt-arm_5.2.2\lib\</path>
         <kind>archive</kind>
         <file>rtsv7M4_T_le_v4SPD16_eabi.lib</file>
         <name>autoinit.obj</name>
      </input_file>
      <input_file id="fl-140">
         <path>E:\ccs\ccsv6\tools\compiler\ti-cgt-arm_5.2.2\lib\</path>
         <kind>archive</kind>
         <file>rtsv7M4_T_le_v4SPD16_eabi.lib</file>
         <name>cpy_tbl.obj</name>
      </input_file>
   </input_file_list>
   <object_component_list>
      <object_component id="oc-f">
         <name>.intvecs</name>
         <load_address>0x0</load_address>
         <run_address>0x0</run_address>
         <size>0x26c</size>
         <input_file_ref idref="fl-4"/>
      </object_component>
      <object_component id="oc-30">
         <name>.text</name>
         <load_address>0x26c</load_address>
         <run_address>0x26c</run_address>
         <size>0x49c</size>
         <input_file_ref idref="fl-2"/>
      </object_component>
      <object_component id="oc-db">
         <name>.text</name>
         <load_address>0x708</load_address>
         <run_address>0x708</run_address>
         <size>0x49c</size>
         <input_file_ref idref="fl-5"/>
      </object_component>
      <object_component id="oc-161">
         <name>.text:GPIOPadConfigSet</name>
         <load_address>0xba4</load_address>
         <run_address>0xba4</run_address>
         <size>0x130</size>
         <input_file_ref idref="fl-c"/>
      </object_component>
      <object_component id="oc-118">
         <name>.text:SysCtlClockGet</name>
         <load_address>0xcd4</load_address>
         <run_address>0xcd4</run_address>
         <size>0x10c</size>
         <input_file_ref idref="fl-e"/>
      </object_component>
      <object_component id="oc-10c">
         <name>.text:SysCtlClockSet</name>
         <load_address>0xde0</load_address>
         <run_address>0xde0</run_address>
         <size>0xf0</size>
         <input_file_ref idref="fl-e"/>
      </object_component>
      <object_component id="oc-39">
         <name>.text</name>
         <load_address>0xed0</load_address>
         <run_address>0xed0</run_address>
         <size>0x9c</size>
         <input_file_ref idref="fl-138"/>
      </object_component>
      <object_component id="oc-8d">
         <name>.text:ADCSequenceStepConfigure</name>
         <load_address>0xf6c</load_address>
         <run_address>0xf6c</run_address>
         <size>0x7a</size>
         <input_file_ref idref="fl-b"/>
      </object_component>
      <object_component id="oc-52">
         <name>.text</name>
         <load_address>0xfe6</load_address>
         <run_address>0xfe6</run_address>
         <size>0x7a</size>
         <input_file_ref idref="fl-139"/>
      </object_component>
      <object_component id="oc-64">
         <name>.text</name>
         <load_address>0x1060</load_address>
         <run_address>0x1060</run_address>
         <size>0x6c</size>
         <input_file_ref idref="fl-13f"/>
      </object_component>
      <object_component id="oc-45">
         <name>.text</name>
         <load_address>0x10cc</load_address>
         <run_address>0x10cc</run_address>
         <size>0x6a</size>
         <input_file_ref idref="fl-135"/>
      </object_component>
      <object_component id="oc-e1">
         <name>.text:IntEnable</name>
         <load_address>0x1138</load_address>
         <run_address>0x1138</run_address>
         <size>0x68</size>
         <input_file_ref idref="fl-d"/>
      </object_component>
      <object_component id="oc-24">
         <name>.text</name>
         <load_address>0x11a0</load_address>
         <run_address>0x11a0</run_address>
         <size>0x50</size>
         <input_file_ref idref="fl-133"/>
      </object_component>
      <object_component id="oc-144">
         <name>.text</name>
         <load_address>0x11f0</load_address>
         <run_address>0x11f0</run_address>
         <size>0x4c</size>
         <input_file_ref idref="fl-140"/>
      </object_component>
      <object_component id="oc-c9">
         <name>.text:GPIOPinConfigure</name>
         <load_address>0x123c</load_address>
         <run_address>0x123c</run_address>
         <size>0x48</size>
         <input_file_ref idref="fl-c"/>
      </object_component>
      <object_component id="oc-70">
         <name>.text</name>
         <load_address>0x1284</load_address>
         <run_address>0x1284</run_address>
         <size>0x44</size>
         <input_file_ref idref="fl-137"/>
      </object_component>
      <object_component id="oc-183">
         <name>.text:UARTConfigSetExpClk</name>
         <load_address>0x12c8</load_address>
         <run_address>0x12c8</run_address>
         <size>0x42</size>
         <input_file_ref idref="fl-10"/>
      </object_component>
      <object_component id="oc-19b">
         <name>.text</name>
         <load_address>0x130a</load_address>
         <run_address>0x130a</run_address>
         <size>0x42</size>
         <input_file_ref idref="fl-13c"/>
      </object_component>
      <object_component id="oc-87">
         <name>.text:ADCSequenceConfigure</name>
         <load_address>0x134c</load_address>
         <run_address>0x134c</run_address>
         <size>0x3e</size>
         <input_file_ref idref="fl-b"/>
      </object_component>
      <object_component id="oc-17d">
         <name>.text:SysCtlPeripheralPresent</name>
         <load_address>0x138c</load_address>
         <run_address>0x138c</run_address>
         <size>0x38</size>
         <input_file_ref idref="fl-e"/>
      </object_component>
      <object_component id="oc-7b">
         <name>.text:SysCtlPeripheralEnable</name>
         <load_address>0x13c4</load_address>
         <run_address>0x13c4</run_address>
         <size>0x34</size>
         <input_file_ref idref="fl-e"/>
      </object_component>
      <object_component id="oc-a5">
         <name>.text:ADCIntStatus</name>
         <load_address>0x13f8</load_address>
         <run_address>0x13f8</run_address>
         <size>0x2e</size>
         <input_file_ref idref="fl-b"/>
      </object_component>
      <object_component id="oc-15b">
         <name>.text:GPIODirModeSet</name>
         <load_address>0x1426</load_address>
         <run_address>0x1426</run_address>
         <size>0x2a</size>
         <input_file_ref idref="fl-c"/>
      </object_component>
      <object_component id="oc-ab">
         <name>.text:ADCSequenceDataGet</name>
         <load_address>0x1450</load_address>
         <run_address>0x1450</run_address>
         <size>0x1e</size>
         <input_file_ref idref="fl-b"/>
      </object_component>
      <object_component id="oc-1f7">
         <name>.text:UARTDisable</name>
         <load_address>0x1470</load_address>
         <run_address>0x1470</run_address>
         <size>0x1c</size>
         <input_file_ref idref="fl-10"/>
      </object_component>
      <object_component id="oc-9f">
         <name>.text:ADCProcessorTrigger</name>
         <load_address>0x148c</load_address>
         <run_address>0x148c</run_address>
         <size>0x18</size>
         <input_file_ref idref="fl-b"/>
      </object_component>
      <object_component id="oc-112">
         <name>.text:GPIOPinTypeGPIOOutput</name>
         <load_address>0x14a4</load_address>
         <run_address>0x14a4</run_address>
         <size>0x18</size>
         <input_file_ref idref="fl-c"/>
      </object_component>
      <object_component id="oc-6a">
         <name>.text</name>
         <load_address>0x14bc</load_address>
         <run_address>0x14bc</run_address>
         <size>0x18</size>
         <input_file_ref idref="fl-13e"/>
      </object_component>
      <object_component id="oc-189">
         <name>.text:UARTEnable</name>
         <load_address>0x14d4</load_address>
         <run_address>0x14d4</run_address>
         <size>0x14</size>
         <input_file_ref idref="fl-10"/>
      </object_component>
      <object_component id="oc-1d7">
         <name>.text</name>
         <load_address>0x14e8</load_address>
         <run_address>0x14e8</run_address>
         <size>0x14</size>
         <input_file_ref idref="fl-13d"/>
      </object_component>
      <object_component id="oc-81">
         <name>.text:GPIOPinTypeADC</name>
         <load_address>0x14fc</load_address>
         <run_address>0x14fc</run_address>
         <size>0x12</size>
         <input_file_ref idref="fl-c"/>
      </object_component>
      <object_component id="oc-cf">
         <name>.text:GPIOPinTypeUART</name>
         <load_address>0x150e</load_address>
         <run_address>0x150e</run_address>
         <size>0x12</size>
         <input_file_ref idref="fl-c"/>
      </object_component>
      <object_component id="oc-e7">
         <name>.text:IntMasterEnable</name>
         <load_address>0x1520</load_address>
         <run_address>0x1520</run_address>
         <size>0x10</size>
         <input_file_ref idref="fl-d"/>
      </object_component>
      <object_component id="oc-93">
         <name>.text:ADCSequenceEnable</name>
         <load_address>0x1530</load_address>
         <run_address>0x1530</run_address>
         <size>0xe</size>
         <input_file_ref idref="fl-b"/>
      </object_component>
      <object_component id="oc-bd">
         <name>.text:UARTCharGetNonBlocking</name>
         <load_address>0x153e</load_address>
         <run_address>0x153e</run_address>
         <size>0xe</size>
         <input_file_ref idref="fl-10"/>
      </object_component>
      <object_component id="oc-12">
         <name>.text:decompress:none</name>
         <load_address>0x154c</load_address>
         <run_address>0x154c</run_address>
         <size>0xe</size>
         <input_file_ref idref="fl-134"/>
      </object_component>
      <object_component id="oc-1ac">
         <name>.text:CPUcpsie</name>
         <load_address>0x155a</load_address>
         <run_address>0x155a</run_address>
         <size>0xc</size>
         <input_file_ref idref="fl-11"/>
      </object_component>
      <object_component id="oc-c3">
         <name>.text:UARTCharsAvail</name>
         <load_address>0x1566</load_address>
         <run_address>0x1566</run_address>
         <size>0xc</size>
         <input_file_ref idref="fl-10"/>
      </object_component>
      <object_component id="oc-1e">
         <name>.text:decompress:ZI</name>
         <load_address>0x1572</load_address>
         <run_address>0x1572</run_address>
         <size>0xc</size>
         <input_file_ref idref="fl-136"/>
      </object_component>
      <object_component id="oc-2a">
         <name>.text</name>
         <load_address>0x157e</load_address>
         <run_address>0x157e</run_address>
         <size>0xc</size>
         <input_file_ref idref="fl-4"/>
      </object_component>
      <object_component id="oc-99">
         <name>.text:ADCIntClear</name>
         <load_address>0x158a</load_address>
         <run_address>0x158a</run_address>
         <size>0xa</size>
         <input_file_ref idref="fl-b"/>
      </object_component>
      <object_component id="oc-18f">
         <name>.text:UARTCharGet</name>
         <load_address>0x1594</load_address>
         <run_address>0x1594</run_address>
         <size>0xa</size>
         <input_file_ref idref="fl-10"/>
      </object_component>
      <object_component id="oc-fe">
         <name>.text:UARTCharPut</name>
         <load_address>0x159e</load_address>
         <run_address>0x159e</run_address>
         <size>0xa</size>
         <input_file_ref idref="fl-10"/>
      </object_component>
      <object_component id="oc-b1">
         <name>.text:UARTIntStatus</name>
         <load_address>0x15a8</load_address>
         <run_address>0x15a8</run_address>
         <size>0xa</size>
         <input_file_ref idref="fl-10"/>
      </object_component>
      <object_component id="oc-ed">
         <name>.text:UARTIntEnable</name>
         <load_address>0x15b2</load_address>
         <run_address>0x15b2</run_address>
         <size>0x8</size>
         <input_file_ref idref="fl-10"/>
      </object_component>
      <object_component id="oc-f7">
         <name>.text:GPIOPinWrite</name>
         <load_address>0x15ba</load_address>
         <run_address>0x15ba</run_address>
         <size>0x6</size>
         <input_file_ref idref="fl-c"/>
      </object_component>
      <object_component id="oc-fd">
         <name>.text:SysCtlDelay</name>
         <load_address>0x15c0</load_address>
         <run_address>0x15c0</run_address>
         <size>0x6</size>
         <input_file_ref idref="fl-e"/>
      </object_component>
      <object_component id="oc-d5">
         <name>.text:UARTClockSourceSet</name>
         <load_address>0x15c6</load_address>
         <run_address>0x15c6</run_address>
         <size>0x6</size>
         <input_file_ref idref="fl-10"/>
      </object_component>
      <object_component id="oc-18">
         <name>.text:decompress:rle24</name>
         <load_address>0x15cc</load_address>
         <run_address>0x15cc</run_address>
         <size>0x6</size>
         <input_file_ref idref="fl-135"/>
      </object_component>
      <object_component id="oc-b7">
         <name>.text:UARTIntClear</name>
         <load_address>0x15d2</load_address>
         <run_address>0x15d2</run_address>
         <size>0x4</size>
         <input_file_ref idref="fl-10"/>
      </object_component>
      <object_component id="oc-5e">
         <name>.text</name>
         <load_address>0x15d6</load_address>
         <run_address>0x15d6</run_address>
         <size>0x4</size>
         <input_file_ref idref="fl-13a"/>
      </object_component>
      <object_component id="oc-177">
         <name>.const:g_pui32GPIOBaseAddrs</name>
         <load_address>0x15dc</load_address>
         <run_address>0x15dc</run_address>
         <size>0x90</size>
         <input_file_ref idref="fl-c"/>
      </object_component>
      <object_component id="oc-1a7">
         <name>.const</name>
         <load_address>0x166c</load_address>
         <run_address>0x166c</run_address>
         <size>0x70</size>
         <input_file_ref idref="fl-d"/>
      </object_component>
      <object_component id="oc-1be">
         <name>.const:g_pui32Xtals</name>
         <load_address>0x16dc</load_address>
         <run_address>0x16dc</run_address>
         <size>0x6c</size>
         <input_file_ref idref="fl-e"/>
      </object_component>
      <object_component id="oc-195">
         <name>.const</name>
         <load_address>0x1748</load_address>
         <run_address>0x1748</run_address>
         <size>0x1c</size>
         <input_file_ref idref="fl-5"/>
      </object_component>
      <object_component id="oc-200">
         <name>.const:.string</name>
         <load_address>0x1764</load_address>
         <run_address>0x1764</run_address>
         <size>0x12</size>
         <input_file_ref idref="fl-5"/>
      </object_component>
      <object_component id="oc-23d">
         <name>.cinit..data.load</name>
         <load_address>0x1778</load_address>
         <run_address>0x1778</run_address>
         <size>0x12</size>
      </object_component>
      <object_component id="oc-23b">
         <name>__TI_handler_table</name>
         <load_address>0x178c</load_address>
         <run_address>0x178c</run_address>
         <size>0xc</size>
      </object_component>
      <object_component id="oc-23e">
         <name>.cinit..bss.load</name>
         <load_address>0x1798</load_address>
         <run_address>0x1798</run_address>
         <size>0x8</size>
      </object_component>
      <object_component id="oc-23c">
         <name>__TI_cinit_table</name>
         <load_address>0x17a0</load_address>
         <run_address>0x17a0</run_address>
         <size>0x10</size>
      </object_component>
      <object_component id="oc-29">
         <name>.stack</name>
         <uninitialized>true</uninitialized>
         <run_address>0x20000000</run_address>
         <size>0x0</size>
         <input_file_ref idref="fl-133"/>
      </object_component>
      <object_component id="oc-23f">
         <name>.stack</name>
         <uninitialized>true</uninitialized>
         <run_address>0x20000000</run_address>
         <size>0x0</size>
      </object_component>
      <object_component id="oc-106">
         <name>.bss:sms</name>
         <uninitialized>true</uninitialized>
         <run_address>0x20000200</run_address>
         <size>0x64</size>
         <input_file_ref idref="fl-2"/>
      </object_component>
      <object_component id="oc-f3">
         <name>.common:data_doam</name>
         <uninitialized>true</uninitialized>
         <run_address>0x2000026c</run_address>
         <size>0x4</size>
      </object_component>
      <object_component id="oc-f6">
         <name>.common:data_anhsang</name>
         <uninitialized>true</uninitialized>
         <run_address>0x20000268</run_address>
         <size>0x4</size>
      </object_component>
      <object_component id="oc-104">
         <name>.common:voltage</name>
         <uninitialized>true</uninitialized>
         <run_address>0x20000270</run_address>
         <size>0x4</size>
      </object_component>
      <object_component id="oc-105">
         <name>.common:Resistor</name>
         <uninitialized>true</uninitialized>
         <run_address>0x20000264</run_address>
         <size>0x4</size>
      </object_component>
      <object_component id="oc-109">
         <name>.data</name>
         <load_address>0x20000274</load_address>
         <run_address>0x20000274</run_address>
         <size>0x8</size>
         <input_file_ref idref="fl-2"/>
      </object_component>
      <object_component id="oc-198">
         <name>.data</name>
         <load_address>0x2000028c</load_address>
         <run_address>0x2000028c</run_address>
         <size>0x5</size>
         <input_file_ref idref="fl-5"/>
      </object_component>
      <object_component id="oc-151">
         <name>.data</name>
         <load_address>0x20000284</load_address>
         <run_address>0x20000284</run_address>
         <size>0x8</size>
         <input_file_ref idref="fl-137"/>
      </object_component>
      <object_component id="oc-76">
         <name>.data</name>
         <load_address>0x20000294</load_address>
         <run_address>0x20000294</run_address>
         <size>0x4</size>
         <input_file_ref idref="fl-13b"/>
      </object_component>
      <object_component id="oc-14e">
         <name>.data</name>
         <load_address>0x2000027c</load_address>
         <run_address>0x2000027c</run_address>
         <size>0x8</size>
         <input_file_ref idref="fl-13d"/>
      </object_component>
      <object_component id="oc-f4">
         <name>.debug_info</name>
         <load_address>0x0</load_address>
         <run_address>0x0</run_address>
         <size>0x706</size>
         <input_file_ref idref="fl-2"/>
      </object_component>
      <object_component id="oc-107">
         <name>.debug_info</name>
         <load_address>0x706</load_address>
         <run_address>0x706</run_address>
         <size>0xaa</size>
         <input_file_ref idref="fl-2"/>
      </object_component>
      <object_component id="oc-10a">
         <name>.debug_info</name>
         <load_address>0x7b0</load_address>
         <run_address>0x7b0</run_address>
         <size>0xc3</size>
         <input_file_ref idref="fl-2"/>
      </object_component>
      <object_component id="oc-31">
         <name>.debug_info</name>
         <load_address>0x873</load_address>
         <run_address>0x873</run_address>
         <size>0x8da</size>
         <input_file_ref idref="fl-2"/>
      </object_component>
      <object_component id="oc-124">
         <name>.debug_info</name>
         <load_address>0x114d</load_address>
         <run_address>0x114d</run_address>
         <size>0x8b</size>
         <input_file_ref idref="fl-2"/>
      </object_component>
      <object_component id="oc-11f">
         <name>.debug_info</name>
         <load_address>0x11d8</load_address>
         <run_address>0x11d8</run_address>
         <size>0x18b</size>
         <input_file_ref idref="fl-2"/>
      </object_component>
      <object_component id="oc-1a2">
         <name>.debug_info</name>
         <load_address>0x1363</load_address>
         <run_address>0x1363</run_address>
         <size>0x4e</size>
         <input_file_ref idref="fl-2"/>
      </object_component>
      <object_component id="oc-38">
         <name>.debug_info</name>
         <load_address>0x13b1</load_address>
         <run_address>0x13b1</run_address>
         <size>0x111</size>
         <input_file_ref idref="fl-4"/>
      </object_component>
      <object_component id="oc-10">
         <name>.debug_info</name>
         <load_address>0x14c2</load_address>
         <run_address>0x14c2</run_address>
         <size>0xd0</size>
         <input_file_ref idref="fl-4"/>
      </object_component>
      <object_component id="oc-2e">
         <name>.debug_info</name>
         <load_address>0x1592</load_address>
         <run_address>0x1592</run_address>
         <size>0x24c</size>
         <input_file_ref idref="fl-4"/>
      </object_component>
      <object_component id="oc-12b">
         <name>.debug_info</name>
         <load_address>0x17de</load_address>
         <run_address>0x17de</run_address>
         <size>0x84</size>
         <input_file_ref idref="fl-4"/>
      </object_component>
      <object_component id="oc-1a1">
         <name>.debug_info</name>
         <load_address>0x1862</load_address>
         <run_address>0x1862</run_address>
         <size>0x21f</size>
         <input_file_ref idref="fl-5"/>
      </object_component>
      <object_component id="oc-199">
         <name>.debug_info</name>
         <load_address>0x1a81</load_address>
         <run_address>0x1a81</run_address>
         <size>0xbc</size>
         <input_file_ref idref="fl-5"/>
      </object_component>
      <object_component id="oc-196">
         <name>.debug_info</name>
         <load_address>0x1b3d</load_address>
         <run_address>0x1b3d</run_address>
         <size>0x112</size>
         <input_file_ref idref="fl-5"/>
      </object_component>
      <object_component id="oc-dc">
         <name>.debug_info</name>
         <load_address>0x1c4f</load_address>
         <run_address>0x1c4f</run_address>
         <size>0x765</size>
         <input_file_ref idref="fl-5"/>
      </object_component>
      <object_component id="oc-16a">
         <name>.debug_info</name>
         <load_address>0x23b4</load_address>
         <run_address>0x23b4</run_address>
         <size>0x23d</size>
         <input_file_ref idref="fl-b"/>
      </object_component>
      <object_component id="oc-8e">
         <name>.debug_info</name>
         <load_address>0x25f1</load_address>
         <run_address>0x25f1</run_address>
         <size>0x333</size>
         <input_file_ref idref="fl-b"/>
      </object_component>
      <object_component id="oc-94">
         <name>.debug_info</name>
         <load_address>0x2924</load_address>
         <run_address>0x2924</run_address>
         <size>0x2a0</size>
         <input_file_ref idref="fl-b"/>
      </object_component>
      <object_component id="oc-ac">
         <name>.debug_info</name>
         <load_address>0x2bc4</load_address>
         <run_address>0x2bc4</run_address>
         <size>0x2ff</size>
         <input_file_ref idref="fl-b"/>
      </object_component>
      <object_component id="oc-88">
         <name>.debug_info</name>
         <load_address>0x2ec3</load_address>
         <run_address>0x2ec3</run_address>
         <size>0x326</size>
         <input_file_ref idref="fl-b"/>
      </object_component>
      <object_component id="oc-a0">
         <name>.debug_info</name>
         <load_address>0x31e9</load_address>
         <run_address>0x31e9</run_address>
         <size>0x2a4</size>
         <input_file_ref idref="fl-b"/>
      </object_component>
      <object_component id="oc-a6">
         <name>.debug_info</name>
         <load_address>0x348d</load_address>
         <run_address>0x348d</run_address>
         <size>0x2e7</size>
         <input_file_ref idref="fl-b"/>
      </object_component>
      <object_component id="oc-9a">
         <name>.debug_info</name>
         <load_address>0x3774</load_address>
         <run_address>0x3774</run_address>
         <size>0x294</size>
         <input_file_ref idref="fl-b"/>
      </object_component>
      <object_component id="oc-168">
         <name>.debug_info</name>
         <load_address>0x3a08</load_address>
         <run_address>0x3a08</run_address>
         <size>0x230</size>
         <input_file_ref idref="fl-c"/>
      </object_component>
      <object_component id="oc-178">
         <name>.debug_info</name>
         <load_address>0x3c38</load_address>
         <run_address>0x3c38</run_address>
         <size>0x15b</size>
         <input_file_ref idref="fl-c"/>
      </object_component>
      <object_component id="oc-f8">
         <name>.debug_info</name>
         <load_address>0x3d93</load_address>
         <run_address>0x3d93</run_address>
         <size>0x2a3</size>
         <input_file_ref idref="fl-c"/>
      </object_component>
      <object_component id="oc-15c">
         <name>.debug_info</name>
         <load_address>0x4036</load_address>
         <run_address>0x4036</run_address>
         <size>0x2b3</size>
         <input_file_ref idref="fl-c"/>
      </object_component>
      <object_component id="oc-162">
         <name>.debug_info</name>
         <load_address>0x42e9</load_address>
         <run_address>0x42e9</run_address>
         <size>0x316</size>
         <input_file_ref idref="fl-c"/>
      </object_component>
      <object_component id="oc-d0">
         <name>.debug_info</name>
         <load_address>0x45ff</load_address>
         <run_address>0x45ff</run_address>
         <size>0x2ab</size>
         <input_file_ref idref="fl-c"/>
      </object_component>
      <object_component id="oc-113">
         <name>.debug_info</name>
         <load_address>0x48aa</load_address>
         <run_address>0x48aa</run_address>
         <size>0x2b7</size>
         <input_file_ref idref="fl-c"/>
      </object_component>
      <object_component id="oc-82">
         <name>.debug_info</name>
         <load_address>0x4b61</load_address>
         <run_address>0x4b61</run_address>
         <size>0x2a9</size>
         <input_file_ref idref="fl-c"/>
      </object_component>
      <object_component id="oc-ca">
         <name>.debug_info</name>
         <load_address>0x4e0a</load_address>
         <run_address>0x4e0a</run_address>
         <size>0x280</size>
         <input_file_ref idref="fl-c"/>
      </object_component>
      <object_component id="oc-1ab">
         <name>.debug_info</name>
         <load_address>0x508a</load_address>
         <run_address>0x508a</run_address>
         <size>0x20e</size>
         <input_file_ref idref="fl-d"/>
      </object_component>
      <object_component id="oc-1a8">
         <name>.debug_info</name>
         <load_address>0x5298</load_address>
         <run_address>0x5298</run_address>
         <size>0x210</size>
         <input_file_ref idref="fl-d"/>
      </object_component>
      <object_component id="oc-e8">
         <name>.debug_info</name>
         <load_address>0x54a8</load_address>
         <run_address>0x54a8</run_address>
         <size>0x23e</size>
         <input_file_ref idref="fl-d"/>
      </object_component>
      <object_component id="oc-e2">
         <name>.debug_info</name>
         <load_address>0x56e6</load_address>
         <run_address>0x56e6</run_address>
         <size>0x268</size>
         <input_file_ref idref="fl-d"/>
      </object_component>
      <object_component id="oc-15a">
         <name>.debug_info</name>
         <load_address>0x594e</load_address>
         <run_address>0x594e</run_address>
         <size>0x27f</size>
         <input_file_ref idref="fl-e"/>
      </object_component>
      <object_component id="oc-1bf">
         <name>.debug_info</name>
         <load_address>0x5bcd</load_address>
         <run_address>0x5bcd</run_address>
         <size>0x14d</size>
         <input_file_ref idref="fl-e"/>
      </object_component>
      <object_component id="oc-17e">
         <name>.debug_info</name>
         <load_address>0x5d1a</load_address>
         <run_address>0x5d1a</run_address>
         <size>0x283</size>
         <input_file_ref idref="fl-e"/>
      </object_component>
      <object_component id="oc-7c">
         <name>.debug_info</name>
         <load_address>0x5f9d</load_address>
         <run_address>0x5f9d</run_address>
         <size>0x27d</size>
         <input_file_ref idref="fl-e"/>
      </object_component>
      <object_component id="oc-10d">
         <name>.debug_info</name>
         <load_address>0x621a</load_address>
         <run_address>0x621a</run_address>
         <size>0x2db</size>
         <input_file_ref idref="fl-e"/>
      </object_component>
      <object_component id="oc-119">
         <name>.debug_info</name>
         <load_address>0x64f5</load_address>
         <run_address>0x64f5</run_address>
         <size>0x2b5</size>
         <input_file_ref idref="fl-e"/>
      </object_component>
      <object_component id="oc-1e7">
         <name>.debug_info</name>
         <load_address>0x67aa</load_address>
         <run_address>0x67aa</run_address>
         <size>0x5f</size>
         <input_file_ref idref="fl-e"/>
      </object_component>
      <object_component id="oc-173">
         <name>.debug_info</name>
         <load_address>0x6809</load_address>
         <run_address>0x6809</run_address>
         <size>0x227</size>
         <input_file_ref idref="fl-10"/>
      </object_component>
      <object_component id="oc-b2">
         <name>.debug_info</name>
         <load_address>0x6a30</load_address>
         <run_address>0x6a30</run_address>
         <size>0x27f</size>
         <input_file_ref idref="fl-10"/>
      </object_component>
      <object_component id="oc-ee">
         <name>.debug_info</name>
         <load_address>0x6caf</load_address>
         <run_address>0x6caf</run_address>
         <size>0x28f</size>
         <input_file_ref idref="fl-10"/>
      </object_component>
      <object_component id="oc-b8">
         <name>.debug_info</name>
         <load_address>0x6f3e</load_address>
         <run_address>0x6f3e</run_address>
         <size>0x28d</size>
         <input_file_ref idref="fl-10"/>
      </object_component>
      <object_component id="oc-18a">
         <name>.debug_info</name>
         <load_address>0x71cb</load_address>
         <run_address>0x71cb</run_address>
         <size>0x247</size>
         <input_file_ref idref="fl-10"/>
      </object_component>
      <object_component id="oc-1f8">
         <name>.debug_info</name>
         <load_address>0x7412</load_address>
         <run_address>0x7412</run_address>
         <size>0x249</size>
         <input_file_ref idref="fl-10"/>
      </object_component>
      <object_component id="oc-184">
         <name>.debug_info</name>
         <load_address>0x765b</load_address>
         <run_address>0x765b</run_address>
         <size>0x326</size>
         <input_file_ref idref="fl-10"/>
      </object_component>
      <object_component id="oc-d6">
         <name>.debug_info</name>
         <load_address>0x7981</load_address>
         <run_address>0x7981</run_address>
         <size>0x291</size>
         <input_file_ref idref="fl-10"/>
      </object_component>
      <object_component id="oc-c5">
         <name>.debug_info</name>
         <load_address>0x7c12</load_address>
         <run_address>0x7c12</run_address>
         <size>0x253</size>
         <input_file_ref idref="fl-10"/>
      </object_component>
      <object_component id="oc-100">
         <name>.debug_info</name>
         <load_address>0x7e65</load_address>
         <run_address>0x7e65</run_address>
         <size>0x273</size>
         <input_file_ref idref="fl-10"/>
      </object_component>
      <object_component id="oc-bf">
         <name>.debug_info</name>
         <load_address>0x80d8</load_address>
         <run_address>0x80d8</run_address>
         <size>0x263</size>
         <input_file_ref idref="fl-10"/>
      </object_component>
      <object_component id="oc-191">
         <name>.debug_info</name>
         <load_address>0x833b</load_address>
         <run_address>0x833b</run_address>
         <size>0x24d</size>
         <input_file_ref idref="fl-10"/>
      </object_component>
      <object_component id="oc-1ad">
         <name>.debug_info</name>
         <load_address>0x8588</load_address>
         <run_address>0x8588</run_address>
         <size>0x212</size>
         <input_file_ref idref="fl-11"/>
      </object_component>
      <object_component id="oc-26">
         <name>.debug_info</name>
         <load_address>0x879a</load_address>
         <run_address>0x879a</run_address>
         <size>0x138</size>
         <input_file_ref idref="fl-133"/>
      </object_component>
      <object_component id="oc-44">
         <name>.debug_info</name>
         <load_address>0x88d2</load_address>
         <run_address>0x88d2</run_address>
         <size>0x123</size>
         <input_file_ref idref="fl-134"/>
      </object_component>
      <object_component id="oc-16">
         <name>.debug_info</name>
         <load_address>0x89f5</load_address>
         <run_address>0x89f5</run_address>
         <size>0x1c2</size>
         <input_file_ref idref="fl-134"/>
      </object_component>
      <object_component id="oc-3f">
         <name>.debug_info</name>
         <load_address>0x8bb7</load_address>
         <run_address>0x8bb7</run_address>
         <size>0x46</size>
         <input_file_ref idref="fl-134"/>
      </object_component>
      <object_component id="oc-131">
         <name>.debug_info</name>
         <load_address>0x8bfd</load_address>
         <run_address>0x8bfd</run_address>
         <size>0x2c</size>
         <input_file_ref idref="fl-134"/>
      </object_component>
      <object_component id="oc-4c">
         <name>.debug_info</name>
         <load_address>0x8c29</load_address>
         <run_address>0x8c29</run_address>
         <size>0x117</size>
         <input_file_ref idref="fl-135"/>
      </object_component>
      <object_component id="oc-47">
         <name>.debug_info</name>
         <load_address>0x8d40</load_address>
         <run_address>0x8d40</run_address>
         <size>0x22a</size>
         <input_file_ref idref="fl-135"/>
      </object_component>
      <object_component id="oc-1a">
         <name>.debug_info</name>
         <load_address>0x8f6a</load_address>
         <run_address>0x8f6a</run_address>
         <size>0x1bc</size>
         <input_file_ref idref="fl-135"/>
      </object_component>
      <object_component id="oc-4d">
         <name>.debug_info</name>
         <load_address>0x9126</load_address>
         <run_address>0x9126</run_address>
         <size>0x39</size>
         <input_file_ref idref="fl-135"/>
      </object_component>
      <object_component id="oc-13b">
         <name>.debug_info</name>
         <load_address>0x915f</load_address>
         <run_address>0x915f</run_address>
         <size>0x2c</size>
         <input_file_ref idref="fl-135"/>
      </object_component>
      <object_component id="oc-5d">
         <name>.debug_info</name>
         <load_address>0x918b</load_address>
         <run_address>0x918b</run_address>
         <size>0x112</size>
         <input_file_ref idref="fl-136"/>
      </object_component>
      <object_component id="oc-21">
         <name>.debug_info</name>
         <load_address>0x929d</load_address>
         <run_address>0x929d</run_address>
         <size>0x18d</size>
         <input_file_ref idref="fl-136"/>
      </object_component>
      <object_component id="oc-58">
         <name>.debug_info</name>
         <load_address>0x942a</load_address>
         <run_address>0x942a</run_address>
         <size>0x46</size>
         <input_file_ref idref="fl-136"/>
      </object_component>
      <object_component id="oc-155">
         <name>.debug_info</name>
         <load_address>0x9470</load_address>
         <run_address>0x9470</run_address>
         <size>0x174</size>
         <input_file_ref idref="fl-137"/>
      </object_component>
      <object_component id="oc-152">
         <name>.debug_info</name>
         <load_address>0x95e4</load_address>
         <run_address>0x95e4</run_address>
         <size>0x119</size>
         <input_file_ref idref="fl-137"/>
      </object_component>
      <object_component id="oc-72">
         <name>.debug_info</name>
         <load_address>0x96fd</load_address>
         <run_address>0x96fd</run_address>
         <size>0x1f0</size>
         <input_file_ref idref="fl-137"/>
      </object_component>
      <object_component id="oc-3a">
         <name>.debug_info</name>
         <load_address>0x98ed</load_address>
         <run_address>0x98ed</run_address>
         <size>0xfa</size>
         <input_file_ref idref="fl-138"/>
      </object_component>
      <object_component id="oc-53">
         <name>.debug_info</name>
         <load_address>0x99e7</load_address>
         <run_address>0x99e7</run_address>
         <size>0x12a</size>
         <input_file_ref idref="fl-139"/>
      </object_component>
      <object_component id="oc-5f">
         <name>.debug_info</name>
         <load_address>0x9b11</load_address>
         <run_address>0x9b11</run_address>
         <size>0x12b</size>
         <input_file_ref idref="fl-13a"/>
      </object_component>
      <object_component id="oc-77">
         <name>.debug_info</name>
         <load_address>0x9c3c</load_address>
         <run_address>0x9c3c</run_address>
         <size>0xec</size>
         <input_file_ref idref="fl-13b"/>
      </object_component>
      <object_component id="oc-19c">
         <name>.debug_info</name>
         <load_address>0x9d28</load_address>
         <run_address>0x9d28</run_address>
         <size>0x165</size>
         <input_file_ref idref="fl-13c"/>
      </object_component>
      <object_component id="oc-1df">
         <name>.debug_info</name>
         <load_address>0x9e8d</load_address>
         <run_address>0x9e8d</run_address>
         <size>0x107</size>
         <input_file_ref idref="fl-13d"/>
      </object_component>
      <object_component id="oc-14f">
         <name>.debug_info</name>
         <load_address>0x9f94</load_address>
         <run_address>0x9f94</run_address>
         <size>0xf6</size>
         <input_file_ref idref="fl-13d"/>
      </object_component>
      <object_component id="oc-1d9">
         <name>.debug_info</name>
         <load_address>0xa08a</load_address>
         <run_address>0xa08a</run_address>
         <size>0x202</size>
         <input_file_ref idref="fl-13d"/>
      </object_component>
      <object_component id="oc-14d">
         <name>.debug_info</name>
         <load_address>0xa28c</load_address>
         <run_address>0xa28c</run_address>
         <size>0x149</size>
         <input_file_ref idref="fl-13e"/>
      </object_component>
      <object_component id="oc-6d">
         <name>.debug_info</name>
         <load_address>0xa3d5</load_address>
         <run_address>0xa3d5</run_address>
         <size>0x14a</size>
         <input_file_ref idref="fl-13e"/>
      </object_component>
      <object_component id="oc-1d2">
         <name>.debug_info</name>
         <load_address>0xa51f</load_address>
         <run_address>0xa51f</run_address>
         <size>0x5e</size>
         <input_file_ref idref="fl-13e"/>
      </object_component>
      <object_component id="oc-14b">
         <name>.debug_info</name>
         <load_address>0xa57d</load_address>
         <run_address>0xa57d</run_address>
         <size>0x2a0</size>
         <input_file_ref idref="fl-13f"/>
      </object_component>
      <object_component id="oc-65">
         <name>.debug_info</name>
         <load_address>0xa81d</load_address>
         <run_address>0xa81d</run_address>
         <size>0x15a</size>
         <input_file_ref idref="fl-13f"/>
      </object_component>
      <object_component id="oc-1c6">
         <name>.debug_info</name>
         <load_address>0xa977</load_address>
         <run_address>0xa977</run_address>
         <size>0x39</size>
         <input_file_ref idref="fl-13f"/>
      </object_component>
      <object_component id="oc-1cb">
         <name>.debug_info</name>
         <load_address>0xa9b0</load_address>
         <run_address>0xa9b0</run_address>
         <size>0xcd</size>
         <input_file_ref idref="fl-13f"/>
      </object_component>
      <object_component id="oc-1c3">
         <name>.debug_info</name>
         <load_address>0xaa7d</load_address>
         <run_address>0xaa7d</run_address>
         <size>0x1c3</size>
         <input_file_ref idref="fl-140"/>
      </object_component>
      <object_component id="oc-147">
         <name>.debug_info</name>
         <load_address>0xac40</load_address>
         <run_address>0xac40</run_address>
         <size>0x17f</size>
         <input_file_ref idref="fl-140"/>
      </object_component>
      <object_component id="oc-211">
         <name>.debug_info</name>
         <load_address>0xadbf</load_address>
         <run_address>0xadbf</run_address>
         <size>0x2c</size>
         <input_file_ref idref="fl-140"/>
      </object_component>
      <object_component id="oc-240">
         <name>.debug_info</name>
         <load_address>0xadeb</load_address>
         <run_address>0xadeb</run_address>
         <size>0x8a</size>
      </object_component>
      <object_component id="oc-1b5">
         <name>.debug_line</name>
         <load_address>0x0</load_address>
         <run_address>0x0</run_address>
         <size>0xd0</size>
         <input_file_ref idref="fl-2"/>
      </object_component>
      <object_component id="oc-1b9">
         <name>.debug_line</name>
         <load_address>0xd0</load_address>
         <run_address>0xd0</run_address>
         <size>0x2d</size>
         <input_file_ref idref="fl-2"/>
      </object_component>
      <object_component id="oc-1bb">
         <name>.debug_line</name>
         <load_address>0xfd</load_address>
         <run_address>0xfd</run_address>
         <size>0x2d</size>
         <input_file_ref idref="fl-2"/>
      </object_component>
      <object_component id="oc-35">
         <name>.debug_line</name>
         <load_address>0x12a</load_address>
         <run_address>0x12a</run_address>
         <size>0x1d2</size>
         <input_file_ref idref="fl-2"/>
      </object_component>
      <object_component id="oc-127">
         <name>.debug_line</name>
         <load_address>0x2fc</load_address>
         <run_address>0x2fc</run_address>
         <size>0x20</size>
         <input_file_ref idref="fl-2"/>
      </object_component>
      <object_component id="oc-122">
         <name>.debug_line</name>
         <load_address>0x31c</load_address>
         <run_address>0x31c</run_address>
         <size>0x61</size>
         <input_file_ref idref="fl-2"/>
      </object_component>
      <object_component id="oc-1a5">
         <name>.debug_line</name>
         <load_address>0x37d</load_address>
         <run_address>0x37d</run_address>
         <size>0x61</size>
         <input_file_ref idref="fl-2"/>
      </object_component>
      <object_component id="oc-12a">
         <name>.debug_line</name>
         <load_address>0x3de</load_address>
         <run_address>0x3de</run_address>
         <size>0x41</size>
         <input_file_ref idref="fl-4"/>
      </object_component>
      <object_component id="oc-37">
         <name>.debug_line</name>
         <load_address>0x41f</load_address>
         <run_address>0x41f</run_address>
         <size>0x41</size>
         <input_file_ref idref="fl-4"/>
      </object_component>
      <object_component id="oc-2b">
         <name>.debug_line</name>
         <load_address>0x460</load_address>
         <run_address>0x460</run_address>
         <size>0xa1</size>
         <input_file_ref idref="fl-4"/>
      </object_component>
      <object_component id="oc-12e">
         <name>.debug_line</name>
         <load_address>0x501</load_address>
         <run_address>0x501</run_address>
         <size>0x20</size>
         <input_file_ref idref="fl-4"/>
      </object_component>
      <object_component id="oc-207">
         <name>.debug_line</name>
         <load_address>0x521</load_address>
         <run_address>0x521</run_address>
         <size>0x56</size>
         <input_file_ref idref="fl-5"/>
      </object_component>
      <object_component id="oc-204">
         <name>.debug_line</name>
         <load_address>0x577</load_address>
         <run_address>0x577</run_address>
         <size>0x32</size>
         <input_file_ref idref="fl-5"/>
      </object_component>
      <object_component id="oc-202">
         <name>.debug_line</name>
         <load_address>0x5a9</load_address>
         <run_address>0x5a9</run_address>
         <size>0x32</size>
         <input_file_ref idref="fl-5"/>
      </object_component>
      <object_component id="oc-e0">
         <name>.debug_line</name>
         <load_address>0x5db</load_address>
         <run_address>0x5db</run_address>
         <size>0x283</size>
         <input_file_ref idref="fl-5"/>
      </object_component>
      <object_component id="oc-1f1">
         <name>.debug_line</name>
         <load_address>0x85e</load_address>
         <run_address>0x85e</run_address>
         <size>0xde</size>
         <input_file_ref idref="fl-b"/>
      </object_component>
      <object_component id="oc-91">
         <name>.debug_line</name>
         <load_address>0x93c</load_address>
         <run_address>0x93c</run_address>
         <size>0xa7</size>
         <input_file_ref idref="fl-b"/>
      </object_component>
      <object_component id="oc-97">
         <name>.debug_line</name>
         <load_address>0x9e3</load_address>
         <run_address>0x9e3</run_address>
         <size>0x91</size>
         <input_file_ref idref="fl-b"/>
      </object_component>
      <object_component id="oc-af">
         <name>.debug_line</name>
         <load_address>0xa74</load_address>
         <run_address>0xa74</run_address>
         <size>0x9c</size>
         <input_file_ref idref="fl-b"/>
      </object_component>
      <object_component id="oc-8b">
         <name>.debug_line</name>
         <load_address>0xb10</load_address>
         <run_address>0xb10</run_address>
         <size>0xa3</size>
         <input_file_ref idref="fl-b"/>
      </object_component>
      <object_component id="oc-a3">
         <name>.debug_line</name>
         <load_address>0xbb3</load_address>
         <run_address>0xbb3</run_address>
         <size>0x91</size>
         <input_file_ref idref="fl-b"/>
      </object_component>
      <object_component id="oc-a9">
         <name>.debug_line</name>
         <load_address>0xc44</load_address>
         <run_address>0xc44</run_address>
         <size>0x9b</size>
         <input_file_ref idref="fl-b"/>
      </object_component>
      <object_component id="oc-9d">
         <name>.debug_line</name>
         <load_address>0xcdf</load_address>
         <run_address>0xcdf</run_address>
         <size>0x91</size>
         <input_file_ref idref="fl-b"/>
      </object_component>
      <object_component id="oc-1ef">
         <name>.debug_line</name>
         <load_address>0xd70</load_address>
         <run_address>0xd70</run_address>
         <size>0x82</size>
         <input_file_ref idref="fl-c"/>
      </object_component>
      <object_component id="oc-1f5">
         <name>.debug_line</name>
         <load_address>0xdf2</load_address>
         <run_address>0xdf2</run_address>
         <size>0x7d</size>
         <input_file_ref idref="fl-c"/>
      </object_component>
      <object_component id="oc-fb">
         <name>.debug_line</name>
         <load_address>0xe6f</load_address>
         <run_address>0xe6f</run_address>
         <size>0x92</size>
         <input_file_ref idref="fl-c"/>
      </object_component>
      <object_component id="oc-15f">
         <name>.debug_line</name>
         <load_address>0xf01</load_address>
         <run_address>0xf01</run_address>
         <size>0x95</size>
         <input_file_ref idref="fl-c"/>
      </object_component>
      <object_component id="oc-165">
         <name>.debug_line</name>
         <load_address>0xf96</load_address>
         <run_address>0xf96</run_address>
         <size>0xd1</size>
         <input_file_ref idref="fl-c"/>
      </object_component>
      <object_component id="oc-d3">
         <name>.debug_line</name>
         <load_address>0x1067</load_address>
         <run_address>0x1067</run_address>
         <size>0x93</size>
         <input_file_ref idref="fl-c"/>
      </object_component>
      <object_component id="oc-116">
         <name>.debug_line</name>
         <load_address>0x10fa</load_address>
         <run_address>0x10fa</run_address>
         <size>0x99</size>
         <input_file_ref idref="fl-c"/>
      </object_component>
      <object_component id="oc-85">
         <name>.debug_line</name>
         <load_address>0x1193</load_address>
         <run_address>0x1193</run_address>
         <size>0x93</size>
         <input_file_ref idref="fl-c"/>
      </object_component>
      <object_component id="oc-cd">
         <name>.debug_line</name>
         <load_address>0x1226</load_address>
         <run_address>0x1226</run_address>
         <size>0xa7</size>
         <input_file_ref idref="fl-c"/>
      </object_component>
      <object_component id="oc-20b">
         <name>.debug_line</name>
         <load_address>0x12cd</load_address>
         <run_address>0x12cd</run_address>
         <size>0x7c</size>
         <input_file_ref idref="fl-d"/>
      </object_component>
      <object_component id="oc-209">
         <name>.debug_line</name>
         <load_address>0x1349</load_address>
         <run_address>0x1349</run_address>
         <size>0x82</size>
         <input_file_ref idref="fl-d"/>
      </object_component>
      <object_component id="oc-eb">
         <name>.debug_line</name>
         <load_address>0x13cb</load_address>
         <run_address>0x13cb</run_address>
         <size>0x97</size>
         <input_file_ref idref="fl-d"/>
      </object_component>
      <object_component id="oc-e5">
         <name>.debug_line</name>
         <load_address>0x1462</load_address>
         <run_address>0x1462</run_address>
         <size>0xc2</size>
         <input_file_ref idref="fl-d"/>
      </object_component>
      <object_component id="oc-1e6">
         <name>.debug_line</name>
         <load_address>0x1524</load_address>
         <run_address>0x1524</run_address>
         <size>0x13d</size>
         <input_file_ref idref="fl-e"/>
      </object_component>
      <object_component id="oc-20e">
         <name>.debug_line</name>
         <load_address>0x1661</load_address>
         <run_address>0x1661</run_address>
         <size>0x7f</size>
         <input_file_ref idref="fl-e"/>
      </object_component>
      <object_component id="oc-181">
         <name>.debug_line</name>
         <load_address>0x16e0</load_address>
         <run_address>0x16e0</run_address>
         <size>0x94</size>
         <input_file_ref idref="fl-e"/>
      </object_component>
      <object_component id="oc-7f">
         <name>.debug_line</name>
         <load_address>0x1774</load_address>
         <run_address>0x1774</run_address>
         <size>0x94</size>
         <input_file_ref idref="fl-e"/>
      </object_component>
      <object_component id="oc-110">
         <name>.debug_line</name>
         <load_address>0x1808</load_address>
         <run_address>0x1808</run_address>
         <size>0xe8</size>
         <input_file_ref idref="fl-e"/>
      </object_component>
      <object_component id="oc-11c">
         <name>.debug_line</name>
         <load_address>0x18f0</load_address>
         <run_address>0x18f0</run_address>
         <size>0x116</size>
         <input_file_ref idref="fl-e"/>
      </object_component>
      <object_component id="oc-1ea">
         <name>.debug_line</name>
         <load_address>0x1a06</load_address>
         <run_address>0x1a06</run_address>
         <size>0x7f</size>
         <input_file_ref idref="fl-e"/>
      </object_component>
      <object_component id="oc-1f3">
         <name>.debug_line</name>
         <load_address>0x1a85</load_address>
         <run_address>0x1a85</run_address>
         <size>0x82</size>
         <input_file_ref idref="fl-10"/>
      </object_component>
      <object_component id="oc-b5">
         <name>.debug_line</name>
         <load_address>0x1b07</load_address>
         <run_address>0x1b07</run_address>
         <size>0x92</size>
         <input_file_ref idref="fl-10"/>
      </object_component>
      <object_component id="oc-f1">
         <name>.debug_line</name>
         <load_address>0x1b99</load_address>
         <run_address>0x1b99</run_address>
         <size>0x92</size>
         <input_file_ref idref="fl-10"/>
      </object_component>
      <object_component id="oc-bb">
         <name>.debug_line</name>
         <load_address>0x1c2b</load_address>
         <run_address>0x1c2b</run_address>
         <size>0x92</size>
         <input_file_ref idref="fl-10"/>
      </object_component>
      <object_component id="oc-18d">
         <name>.debug_line</name>
         <load_address>0x1cbd</load_address>
         <run_address>0x1cbd</run_address>
         <size>0x93</size>
         <input_file_ref idref="fl-10"/>
      </object_component>
      <object_component id="oc-1fb">
         <name>.debug_line</name>
         <load_address>0x1d50</load_address>
         <run_address>0x1d50</run_address>
         <size>0x96</size>
         <input_file_ref idref="fl-10"/>
      </object_component>
      <object_component id="oc-187">
         <name>.debug_line</name>
         <load_address>0x1de6</load_address>
         <run_address>0x1de6</run_address>
         <size>0xb3</size>
         <input_file_ref idref="fl-10"/>
      </object_component>
      <object_component id="oc-d9">
         <name>.debug_line</name>
         <load_address>0x1e99</load_address>
         <run_address>0x1e99</run_address>
         <size>0x92</size>
         <input_file_ref idref="fl-10"/>
      </object_component>
      <object_component id="oc-c8">
         <name>.debug_line</name>
         <load_address>0x1f2b</load_address>
         <run_address>0x1f2b</run_address>
         <size>0x92</size>
         <input_file_ref idref="fl-10"/>
      </object_component>
      <object_component id="oc-103">
         <name>.debug_line</name>
         <load_address>0x1fbd</load_address>
         <run_address>0x1fbd</run_address>
         <size>0x93</size>
         <input_file_ref idref="fl-10"/>
      </object_component>
      <object_component id="oc-c2">
         <name>.debug_line</name>
         <load_address>0x2050</load_address>
         <run_address>0x2050</run_address>
         <size>0x92</size>
         <input_file_ref idref="fl-10"/>
      </object_component>
      <object_component id="oc-194">
         <name>.debug_line</name>
         <load_address>0x20e2</load_address>
         <run_address>0x20e2</run_address>
         <size>0x93</size>
         <input_file_ref idref="fl-10"/>
      </object_component>
      <object_component id="oc-1b0">
         <name>.debug_line</name>
         <load_address>0x2175</load_address>
         <run_address>0x2175</run_address>
         <size>0x91</size>
         <input_file_ref idref="fl-11"/>
      </object_component>
      <object_component id="oc-28">
         <name>.debug_line</name>
         <load_address>0x2206</load_address>
         <run_address>0x2206</run_address>
         <size>0x52</size>
         <input_file_ref idref="fl-133"/>
      </object_component>
      <object_component id="oc-137">
         <name>.debug_line</name>
         <load_address>0x2258</load_address>
         <run_address>0x2258</run_address>
         <size>0x72</size>
         <input_file_ref idref="fl-134"/>
      </object_component>
      <object_component id="oc-13">
         <name>.debug_line</name>
         <load_address>0x22ca</load_address>
         <run_address>0x22ca</run_address>
         <size>0x55</size>
         <input_file_ref idref="fl-134"/>
      </object_component>
      <object_component id="oc-42">
         <name>.debug_line</name>
         <load_address>0x231f</load_address>
         <run_address>0x231f</run_address>
         <size>0x3a</size>
         <input_file_ref idref="fl-134"/>
      </object_component>
      <object_component id="oc-134">
         <name>.debug_line</name>
         <load_address>0x2359</load_address>
         <run_address>0x2359</run_address>
         <size>0x72</size>
         <input_file_ref idref="fl-134"/>
      </object_component>
      <object_component id="oc-13a">
         <name>.debug_line</name>
         <load_address>0x23cb</load_address>
         <run_address>0x23cb</run_address>
         <size>0x72</size>
         <input_file_ref idref="fl-135"/>
      </object_component>
      <object_component id="oc-4a">
         <name>.debug_line</name>
         <load_address>0x243d</load_address>
         <run_address>0x243d</run_address>
         <size>0x98</size>
         <input_file_ref idref="fl-135"/>
      </object_component>
      <object_component id="oc-1d">
         <name>.debug_line</name>
         <load_address>0x24d5</load_address>
         <run_address>0x24d5</run_address>
         <size>0x4b</size>
         <input_file_ref idref="fl-135"/>
      </object_component>
      <object_component id="oc-50">
         <name>.debug_line</name>
         <load_address>0x2520</load_address>
         <run_address>0x2520</run_address>
         <size>0x39</size>
         <input_file_ref idref="fl-135"/>
      </object_component>
      <object_component id="oc-13e">
         <name>.debug_line</name>
         <load_address>0x2559</load_address>
         <run_address>0x2559</run_address>
         <size>0x72</size>
         <input_file_ref idref="fl-135"/>
      </object_component>
      <object_component id="oc-142">
         <name>.debug_line</name>
         <load_address>0x25cb</load_address>
         <run_address>0x25cb</run_address>
         <size>0x72</size>
         <input_file_ref idref="fl-136"/>
      </object_component>
      <object_component id="oc-23">
         <name>.debug_line</name>
         <load_address>0x263d</load_address>
         <run_address>0x263d</run_address>
         <size>0x4f</size>
         <input_file_ref idref="fl-136"/>
      </object_component>
      <object_component id="oc-5b">
         <name>.debug_line</name>
         <load_address>0x268c</load_address>
         <run_address>0x268c</run_address>
         <size>0x34</size>
         <input_file_ref idref="fl-136"/>
      </object_component>
      <object_component id="oc-1e4">
         <name>.debug_line</name>
         <load_address>0x26c0</load_address>
         <run_address>0x26c0</run_address>
         <size>0x71</size>
         <input_file_ref idref="fl-137"/>
      </object_component>
      <object_component id="oc-1e2">
         <name>.debug_line</name>
         <load_address>0x2731</load_address>
         <run_address>0x2731</run_address>
         <size>0x2a</size>
         <input_file_ref idref="fl-137"/>
      </object_component>
      <object_component id="oc-71">
         <name>.debug_line</name>
         <load_address>0x275b</load_address>
         <run_address>0x275b</run_address>
         <size>0x7a</size>
         <input_file_ref idref="fl-137"/>
      </object_component>
      <object_component id="oc-3d">
         <name>.debug_line</name>
         <load_address>0x27d5</load_address>
         <run_address>0x27d5</run_address>
         <size>0x88</size>
         <input_file_ref idref="fl-138"/>
      </object_component>
      <object_component id="oc-56">
         <name>.debug_line</name>
         <load_address>0x285d</load_address>
         <run_address>0x285d</run_address>
         <size>0x79</size>
         <input_file_ref idref="fl-139"/>
      </object_component>
      <object_component id="oc-62">
         <name>.debug_line</name>
         <load_address>0x28d6</load_address>
         <run_address>0x28d6</run_address>
         <size>0x40</size>
         <input_file_ref idref="fl-13a"/>
      </object_component>
      <object_component id="oc-158">
         <name>.debug_line</name>
         <load_address>0x2916</load_address>
         <run_address>0x2916</run_address>
         <size>0x33</size>
         <input_file_ref idref="fl-13b"/>
      </object_component>
      <object_component id="oc-19f">
         <name>.debug_line</name>
         <load_address>0x2949</load_address>
         <run_address>0x2949</run_address>
         <size>0x6c</size>
         <input_file_ref idref="fl-13c"/>
      </object_component>
      <object_component id="oc-218">
         <name>.debug_line</name>
         <load_address>0x29b5</load_address>
         <run_address>0x29b5</run_address>
         <size>0x20</size>
         <input_file_ref idref="fl-13d"/>
      </object_component>
      <object_component id="oc-1de">
         <name>.debug_line</name>
         <load_address>0x29d5</load_address>
         <run_address>0x29d5</run_address>
         <size>0x2b</size>
         <input_file_ref idref="fl-13d"/>
      </object_component>
      <object_component id="oc-1db">
         <name>.debug_line</name>
         <load_address>0x2a00</load_address>
         <run_address>0x2a00</run_address>
         <size>0x68</size>
         <input_file_ref idref="fl-13d"/>
      </object_component>
      <object_component id="oc-1d1">
         <name>.debug_line</name>
         <load_address>0x2a68</load_address>
         <run_address>0x2a68</run_address>
         <size>0x2b</size>
         <input_file_ref idref="fl-13e"/>
      </object_component>
      <object_component id="oc-6b">
         <name>.debug_line</name>
         <load_address>0x2a93</load_address>
         <run_address>0x2a93</run_address>
         <size>0x50</size>
         <input_file_ref idref="fl-13e"/>
      </object_component>
      <object_component id="oc-1d5">
         <name>.debug_line</name>
         <load_address>0x2ae3</load_address>
         <run_address>0x2ae3</run_address>
         <size>0x2b</size>
         <input_file_ref idref="fl-13e"/>
      </object_component>
      <object_component id="oc-1c5">
         <name>.debug_line</name>
         <load_address>0x2b0e</load_address>
         <run_address>0x2b0e</run_address>
         <size>0x81</size>
         <input_file_ref idref="fl-13f"/>
      </object_component>
      <object_component id="oc-68">
         <name>.debug_line</name>
         <load_address>0x2b8f</load_address>
         <run_address>0x2b8f</run_address>
         <size>0x79</size>
         <input_file_ref idref="fl-13f"/>
      </object_component>
      <object_component id="oc-1c9">
         <name>.debug_line</name>
         <load_address>0x2c08</load_address>
         <run_address>0x2c08</run_address>
         <size>0x2e</size>
         <input_file_ref idref="fl-13f"/>
      </object_component>
      <object_component id="oc-1ce">
         <name>.debug_line</name>
         <load_address>0x2c36</load_address>
         <run_address>0x2c36</run_address>
         <size>0x73</size>
         <input_file_ref idref="fl-13f"/>
      </object_component>
      <object_component id="oc-210">
         <name>.debug_line</name>
         <load_address>0x2ca9</load_address>
         <run_address>0x2ca9</run_address>
         <size>0x80</size>
         <input_file_ref idref="fl-140"/>
      </object_component>
      <object_component id="oc-146">
         <name>.debug_line</name>
         <load_address>0x2d29</load_address>
         <run_address>0x2d29</run_address>
         <size>0x68</size>
         <input_file_ref idref="fl-140"/>
      </object_component>
      <object_component id="oc-214">
         <name>.debug_line</name>
         <load_address>0x2d91</load_address>
         <run_address>0x2d91</run_address>
         <size>0x2e</size>
         <input_file_ref idref="fl-140"/>
      </object_component>
      <object_component id="oc-34">
         <name>.debug_frame</name>
         <load_address>0x0</load_address>
         <run_address>0x0</run_address>
         <size>0x160</size>
         <input_file_ref idref="fl-2"/>
      </object_component>
      <object_component id="oc-2d">
         <name>.debug_frame</name>
         <load_address>0x160</load_address>
         <run_address>0x160</run_address>
         <size>0xb2</size>
         <input_file_ref idref="fl-4"/>
      </object_component>
      <object_component id="oc-df">
         <name>.debug_frame</name>
         <load_address>0x212</load_address>
         <run_address>0x212</run_address>
         <size>0x12a</size>
         <input_file_ref idref="fl-5"/>
      </object_component>
      <object_component id="oc-92">
         <name>.debug_frame</name>
         <load_address>0x33c</load_address>
         <run_address>0x33c</run_address>
         <size>0x8a</size>
         <input_file_ref idref="fl-b"/>
      </object_component>
      <object_component id="oc-98">
         <name>.debug_frame</name>
         <load_address>0x3c6</load_address>
         <run_address>0x3c6</run_address>
         <size>0x7f</size>
         <input_file_ref idref="fl-b"/>
      </object_component>
      <object_component id="oc-b0">
         <name>.debug_frame</name>
         <load_address>0x445</load_address>
         <run_address>0x445</run_address>
         <size>0x7f</size>
         <input_file_ref idref="fl-b"/>
      </object_component>
      <object_component id="oc-8c">
         <name>.debug_frame</name>
         <load_address>0x4c4</load_address>
         <run_address>0x4c4</run_address>
         <size>0x8a</size>
         <input_file_ref idref="fl-b"/>
      </object_component>
      <object_component id="oc-a4">
         <name>.debug_frame</name>
         <load_address>0x54e</load_address>
         <run_address>0x54e</run_address>
         <size>0x86</size>
         <input_file_ref idref="fl-b"/>
      </object_component>
      <object_component id="oc-aa">
         <name>.debug_frame</name>
         <load_address>0x5d4</load_address>
         <run_address>0x5d4</run_address>
         <size>0x7f</size>
         <input_file_ref idref="fl-b"/>
      </object_component>
      <object_component id="oc-9e">
         <name>.debug_frame</name>
         <load_address>0x653</load_address>
         <run_address>0x653</run_address>
         <size>0x7f</size>
         <input_file_ref idref="fl-b"/>
      </object_component>
      <object_component id="oc-fc">
         <name>.debug_frame</name>
         <load_address>0x6d2</load_address>
         <run_address>0x6d2</run_address>
         <size>0x7f</size>
         <input_file_ref idref="fl-c"/>
      </object_component>
      <object_component id="oc-160">
         <name>.debug_frame</name>
         <load_address>0x751</load_address>
         <run_address>0x751</run_address>
         <size>0x7f</size>
         <input_file_ref idref="fl-c"/>
      </object_component>
      <object_component id="oc-166">
         <name>.debug_frame</name>
         <load_address>0x7d0</load_address>
         <run_address>0x7d0</run_address>
         <size>0x8f</size>
         <input_file_ref idref="fl-c"/>
      </object_component>
      <object_component id="oc-d4">
         <name>.debug_frame</name>
         <load_address>0x85f</load_address>
         <run_address>0x85f</run_address>
         <size>0x86</size>
         <input_file_ref idref="fl-c"/>
      </object_component>
      <object_component id="oc-117">
         <name>.debug_frame</name>
         <load_address>0x8e5</load_address>
         <run_address>0x8e5</run_address>
         <size>0x8a</size>
         <input_file_ref idref="fl-c"/>
      </object_component>
      <object_component id="oc-86">
         <name>.debug_frame</name>
         <load_address>0x96f</load_address>
         <run_address>0x96f</run_address>
         <size>0x86</size>
         <input_file_ref idref="fl-c"/>
      </object_component>
      <object_component id="oc-ce">
         <name>.debug_frame</name>
         <load_address>0x9f5</load_address>
         <run_address>0x9f5</run_address>
         <size>0x86</size>
         <input_file_ref idref="fl-c"/>
      </object_component>
      <object_component id="oc-ec">
         <name>.debug_frame</name>
         <load_address>0xa7b</load_address>
         <run_address>0xa7b</run_address>
         <size>0x86</size>
         <input_file_ref idref="fl-d"/>
      </object_component>
      <object_component id="oc-e6">
         <name>.debug_frame</name>
         <load_address>0xb01</load_address>
         <run_address>0xb01</run_address>
         <size>0x7f</size>
         <input_file_ref idref="fl-d"/>
      </object_component>
      <object_component id="oc-182">
         <name>.debug_frame</name>
         <load_address>0xb80</load_address>
         <run_address>0xb80</run_address>
         <size>0x7f</size>
         <input_file_ref idref="fl-e"/>
      </object_component>
      <object_component id="oc-80">
         <name>.debug_frame</name>
         <load_address>0xbff</load_address>
         <run_address>0xbff</run_address>
         <size>0x7f</size>
         <input_file_ref idref="fl-e"/>
      </object_component>
      <object_component id="oc-111">
         <name>.debug_frame</name>
         <load_address>0xc7e</load_address>
         <run_address>0xc7e</run_address>
         <size>0x91</size>
         <input_file_ref idref="fl-e"/>
      </object_component>
      <object_component id="oc-11d">
         <name>.debug_frame</name>
         <load_address>0xd0f</load_address>
         <run_address>0xd0f</run_address>
         <size>0x8e</size>
         <input_file_ref idref="fl-e"/>
      </object_component>
      <object_component id="oc-b6">
         <name>.debug_frame</name>
         <load_address>0xd9d</load_address>
         <run_address>0xd9d</run_address>
         <size>0x7f</size>
         <input_file_ref idref="fl-10"/>
      </object_component>
      <object_component id="oc-f2">
         <name>.debug_frame</name>
         <load_address>0xe1c</load_address>
         <run_address>0xe1c</run_address>
         <size>0x7f</size>
         <input_file_ref idref="fl-10"/>
      </object_component>
      <object_component id="oc-bc">
         <name>.debug_frame</name>
         <load_address>0xe9b</load_address>
         <run_address>0xe9b</run_address>
         <size>0x7f</size>
         <input_file_ref idref="fl-10"/>
      </object_component>
      <object_component id="oc-18e">
         <name>.debug_frame</name>
         <load_address>0xf1a</load_address>
         <run_address>0xf1a</run_address>
         <size>0x7f</size>
         <input_file_ref idref="fl-10"/>
      </object_component>
      <object_component id="oc-1fc">
         <name>.debug_frame</name>
         <load_address>0xf99</load_address>
         <run_address>0xf99</run_address>
         <size>0x7f</size>
         <input_file_ref idref="fl-10"/>
      </object_component>
      <object_component id="oc-188">
         <name>.debug_frame</name>
         <load_address>0x1018</load_address>
         <run_address>0x1018</run_address>
         <size>0x8a</size>
         <input_file_ref idref="fl-10"/>
      </object_component>
      <object_component id="oc-da">
         <name>.debug_frame</name>
         <load_address>0x10a2</load_address>
         <run_address>0x10a2</run_address>
         <size>0x7f</size>
         <input_file_ref idref="fl-10"/>
      </object_component>
      <object_component id="oc-c4">
         <name>.debug_frame</name>
         <load_address>0x1121</load_address>
         <run_address>0x1121</run_address>
         <size>0x7f</size>
         <input_file_ref idref="fl-10"/>
      </object_component>
      <object_component id="oc-ff">
         <name>.debug_frame</name>
         <load_address>0x11a0</load_address>
         <run_address>0x11a0</run_address>
         <size>0x7f</size>
         <input_file_ref idref="fl-10"/>
      </object_component>
      <object_component id="oc-be">
         <name>.debug_frame</name>
         <load_address>0x121f</load_address>
         <run_address>0x121f</run_address>
         <size>0x7f</size>
         <input_file_ref idref="fl-10"/>
      </object_component>
      <object_component id="oc-190">
         <name>.debug_frame</name>
         <load_address>0x129e</load_address>
         <run_address>0x129e</run_address>
         <size>0x7f</size>
         <input_file_ref idref="fl-10"/>
      </object_component>
      <object_component id="oc-1b1">
         <name>.debug_frame</name>
         <load_address>0x131d</load_address>
         <run_address>0x131d</run_address>
         <size>0x7f</size>
         <input_file_ref idref="fl-11"/>
      </object_component>
      <object_component id="oc-14">
         <name>.debug_frame</name>
         <load_address>0x139c</load_address>
         <run_address>0x139c</run_address>
         <size>0x7f</size>
         <input_file_ref idref="fl-134"/>
      </object_component>
      <object_component id="oc-46">
         <name>.debug_frame</name>
         <load_address>0x141b</load_address>
         <run_address>0x141b</run_address>
         <size>0x8e</size>
         <input_file_ref idref="fl-135"/>
      </object_component>
      <object_component id="oc-19">
         <name>.debug_frame</name>
         <load_address>0x14a9</load_address>
         <run_address>0x14a9</run_address>
         <size>0x7f</size>
         <input_file_ref idref="fl-135"/>
      </object_component>
      <object_component id="oc-1f">
         <name>.debug_frame</name>
         <load_address>0x1528</load_address>
         <run_address>0x1528</run_address>
         <size>0x7f</size>
         <input_file_ref idref="fl-136"/>
      </object_component>
      <object_component id="oc-75">
         <name>.debug_frame</name>
         <load_address>0x15a7</load_address>
         <run_address>0x15a7</run_address>
         <size>0xb3</size>
         <input_file_ref idref="fl-137"/>
      </object_component>
      <object_component id="oc-63">
         <name>.debug_frame</name>
         <load_address>0x165a</load_address>
         <run_address>0x165a</run_address>
         <size>0x7f</size>
         <input_file_ref idref="fl-13a"/>
      </object_component>
      <object_component id="oc-1dc">
         <name>.debug_frame</name>
         <load_address>0x16d9</load_address>
         <run_address>0x16d9</run_address>
[...]
            <logical_group_ref idref="lg-6"/>
         </contents>
      </load_segment>
      <load_segment id="lg-247" display="no" color="cyan">
         <name>SEGMENT_1</name>
         <run_address>0x20000000</run_address>
         <size>0x298</size>
         <flags>0x6</flags>
         <contents>
            <logical_group_ref idref="lg-d"/>
            <logical_group_ref idref="lg-b"/>
            <logical_group_ref idref="lg-a"/>
         </contents>
      </load_segment>
   </logical_group_list>
   <placement_map>
      <memory_area display="yes" color="green">
         <name>FLASH</name>
         <page_id>0x0</page_id>
         <origin>0x0</origin>
         <length>0x40000</length>
         <used_space>0x17ac</used_space>
         <unused_space>0x3e854</unused_space>
         <attributes>RX</attributes>
         <usage_details>
            <allocated_space>
               <start_address>0x0</start_address>
               <size>0x26c</size>
               <logical_group_ref idref="lg-3"/>
            </allocated_space>
            <allocated_space>
               <start_address>0x26c</start_address>
               <size>0x136e</size>
               <logical_group_ref idref="lg-4"/>
            </allocated_space>
            <available_space>
               <start_address>0x15da</start_address>
               <size>0x2</size>
            </available_space>
            <allocated_space>
               <start_address>0x15dc</start_address>
               <size>0x19a</size>
               <logical_group_ref idref="lg-5"/>
            </allocated_space>
            <available_space>
               <start_address>0x1776</start_address>
               <size>0x2</size>
            </available_space>
            <allocated_space>
               <start_address>0x1778</start_address>
               <size>0x38</size>
               <logical_group_ref idref="lg-6"/>
            </allocated_space>
            <available_space>
               <start_address>0x17b0</start_address>
               <size>0x3e850</size>
            </available_space>
         </usage_details>
      </memory_area>
      <memory_area display="yes" color="green">
         <name>SRAM</name>
         <page_id>0x0</page_id>
         <origin>0x20000000</origin>
         <length>0x8000</length>
         <used_space>0x298</used_space>
         <unused_space>0x7d68</unused_space>
         <attributes>RWX</attributes>
         <usage_details>
            <allocated_space>
               <start_address>0x20000000</start_address>
               <size>0x200</size>
               <logical_group_ref idref="lg-d"/>
            </allocated_space>
            <allocated_space>
               <start_address>0x20000200</start_address>
               <size>0x74</size>
               <logical_group_ref idref="lg-21a"/>
            </allocated_space>
            <allocated_space>
               <start_address>0x20000274</start_address>
               <size>0x24</size>
               <logical_group_ref idref="lg-21c"/>
            </allocated_space>
            <available_space>
               <start_address>0x20000298</start_address>
               <size>0x7d68</size>
            </available_space>
         </usage_details>
      </memory_area>
   </placement_map>
   <cptbl_list>
      <cptbl>
         <name>__TI_cinit_table</name>
         <cprec>
            <name>.data</name>
            <load_address>0x1778</load_address>
            <load_size>0x12</load_size>
            <run_address>0x20000274</run_address>
            <run_size>0x24</run_size>
            <compression>rle</compression>
         </cprec>
         <cprec>
            <name>.bss</name>
            <load_address>0x1798</load_address>
            <load_size>0x8</load_size>
            <run_address>0x20000200</run_address>
            <run_size>0x74</run_size>
            <compression>zero_init</compression>
         </cprec>
      </cptbl>
   </cptbl_list>
   <handler_table>
      <handler_table_name>__TI_handler_table</handler_table_name>
      <handler>
         <index>0x0</index>
         <name>__TI_decompress_rle24</name>
      </handler>
      <handler>
         <index>0x1</index>
         <name>__TI_decompress_none</name>
      </handler>
      <handler>
         <index>0x2</index>
         <name>__TI_zero_init</name>
      </handler>
   </handler_table>
   <symbol_table>
      <symbol id="sm-1">
         <name>__STACK_TOP</name>
         <value>0x20000200</value>
      </symbol>
      <symbol id="sm-2">
         <name>__TI_CINIT_Base</name>
         <value>0x17a0</value>
      </symbol>
      <symbol id="sm-3">
         <name>__TI_CINIT_Limit</name>
         <value>0x17b0</value>
      </symbol>
      <symbol id="sm-4">
         <name>__TI_Handler_Table_Base</name>
         <value>0x178c</value>
      </symbol>
      <symbol id="sm-5">
         <name>__TI_Handler_Table_Limit</name>
         <value>0x1798</value>
      </symbol>
      <symbol id="sm-6">
         <name>binit</name>
         <value>0xffffffff</value>
      </symbol>
      <symbol id="sm-7">
         <name>__binit__</name>
         <value>0xffffffff</value>
      </symbol>
      <symbol id="sm-8">
         <name>__STACK_SIZE</name>
         <value>0x200</value>
      </symbol>
      <symbol id="sm-9">
         <name>__STACK_END</name>
         <value>0x20000200</value>
      </symbol>
      <symbol id="sm-a">
         <name>__c_args__</name>
         <value>0xffffffff</value>
      </symbol>
      <symbol id="sm-87">
         <name>data_doam</name>
         <value>0x2000026c</value>
      </symbol>
      <symbol id="sm-88">
         <name>data_anhsang</name>
         <value>0x20000268</value>
      </symbol>
      <symbol id="sm-89">
         <name>voltage</name>
         <value>0x20000270</value>
      </symbol>
      <symbol id="sm-8a">
         <name>Resistor</name>
         <value>0x20000264</value>
      </symbol>
      <symbol id="sm-8b">
         <name>UART1IntHandler</name>
         <value>0x35f</value>
         <object_component_ref idref="oc-30"/>
      </symbol>
      <symbol id="sm-8c">
         <name>Doam</name>
         <value>0x29f</value>
         <object_component_ref idref="oc-30"/>
      </symbol>
      <symbol id="sm-8d">
         <name>SIM_Start</name>
         <value>0x4c5</value>
         <object_component_ref idref="oc-30"/>
      </symbol>
      <symbol id="sm-8e">
         <name>ConfigureUARTB_Interrupt</name>
         <value>0x47d</value>
         <object_component_ref idref="oc-30"/>
      </symbol>
      <symbol id="sm-8f">
         <name>Analyse_Command</name>
         <value>0x493</value>
         <object_component_ref idref="oc-30"/>
      </symbol>
      <symbol id="sm-90">
         <name>i</name>
         <value>0x20000274</value>
         <object_component_ref idref="oc-109"/>
      </symbol>
      <symbol id="sm-91">
         <name>Anhsang</name>
         <value>0x31b</value>
         <object_component_ref idref="oc-30"/>
      </symbol>
      <symbol id="sm-92">
         <name>main</name>
         <value>0x611</value>
         <object_component_ref idref="oc-30"/>
      </symbol>
      <symbol id="sm-93">
         <name>flag_u</name>
         <value>0x20000278</value>
         <object_component_ref idref="oc-109"/>
      </symbol>
      <symbol id="sm-94">
         <name>UARTB_Init</name>
         <value>0x443</value>
         <object_component_ref idref="oc-30"/>
      </symbol>
      <symbol id="sm-95">
         <name>ADC1_Init</name>
         <value>0x2e9</value>
         <object_component_ref idref="oc-30"/>
      </symbol>
      <symbol id="sm-96">
         <name>ADC0_Init</name>
         <value>0x26d</value>
         <object_component_ref idref="oc-30"/>
      </symbol>
      <symbol id="sm-97">
         <name>sms</name>
         <value>0x20000200</value>
         <object_component_ref idref="oc-106"/>
      </symbol>
      <symbol id="sm-b9">
         <name>ResetISR</name>
         <value>0x157f</value>
         <object_component_ref idref="oc-2a"/>
      </symbol>
      <symbol id="sm-ba">
         <name>g_pfnVectors</name>
         <value>0x0</value>
         <object_component_ref idref="oc-f"/>
      </symbol>
      <symbol id="sm-11f">
         <name>UARTgetc</name>
         <value>0x84f</value>
         <object_component_ref idref="oc-db"/>
      </symbol>
      <symbol id="sm-120">
         <name>UARTgets</name>
         <value>0x795</value>
         <object_component_ref idref="oc-db"/>
      </symbol>
      <symbol id="sm-121">
         <name>UARTStdioConfig</name>
         <value>0x709</value>
         <object_component_ref idref="oc-db"/>
      </symbol>
      <symbol id="sm-122">
         <name>UARTwrite</name>
         <value>0x74f</value>
         <object_component_ref idref="oc-db"/>
      </symbol>
      <symbol id="sm-123">
         <name>UARTprintf</name>
         <value>0xb6f</value>
         <object_component_ref idref="oc-db"/>
      </symbol>
      <symbol id="sm-124">
         <name>UARTvprintf</name>
         <value>0x875</value>
         <object_component_ref idref="oc-db"/>
      </symbol>
      <symbol id="sm-169">
         <name>ADCProcessorTrigger</name>
         <value>0x148d</value>
         <object_component_ref idref="oc-9f"/>
      </symbol>
      <symbol id="sm-16a">
         <name>ADCSequenceEnable</name>
         <value>0x1531</value>
         <object_component_ref idref="oc-93"/>
      </symbol>
      <symbol id="sm-16b">
         <name>ADCSequenceConfigure</name>
         <value>0x134d</value>
         <object_component_ref idref="oc-87"/>
      </symbol>
      <symbol id="sm-16c">
         <name>ADCSequenceStepConfigure</name>
         <value>0xf6d</value>
         <object_component_ref idref="oc-8d"/>
      </symbol>
      <symbol id="sm-16d">
         <name>ADCIntClear</name>
         <value>0x158b</value>
         <object_component_ref idref="oc-99"/>
      </symbol>
      <symbol id="sm-16e">
         <name>ADCIntStatus</name>
         <value>0x13f9</value>
         <object_component_ref idref="oc-a5"/>
      </symbol>
      <symbol id="sm-16f">
         <name>ADCSequenceDataGet</name>
         <value>0x1451</value>
         <object_component_ref idref="oc-ab"/>
      </symbol>
      <symbol id="sm-1b9">
         <name>GPIOPinConfigure</name>
         <value>0x123d</value>
         <object_component_ref idref="oc-c9"/>
      </symbol>
      <symbol id="sm-1ba">
         <name>GPIOPinTypeADC</name>
         <value>0x14fd</value>
         <object_component_ref idref="oc-81"/>
      </symbol>
      <symbol id="sm-1bb">
         <name>GPIOPinTypeUART</name>
         <value>0x150f</value>
         <object_component_ref idref="oc-cf"/>
      </symbol>
      <symbol id="sm-1bc">
         <name>GPIOPinTypeGPIOOutput</name>
         <value>0x14a5</value>
         <object_component_ref idref="oc-112"/>
      </symbol>
      <symbol id="sm-1bd">
         <name>GPIODirModeSet</name>
         <value>0x1427</value>
         <object_component_ref idref="oc-15b"/>
      </symbol>
      <symbol id="sm-1be">
         <name>GPIOPinWrite</name>
         <value>0x15bb</value>
         <object_component_ref idref="oc-f7"/>
      </symbol>
      <symbol id="sm-1bf">
         <name>GPIOPadConfigSet</name>
         <value>0xba5</value>
         <object_component_ref idref="oc-161"/>
      </symbol>
      <symbol id="sm-1ef">
         <name>IntEnable</name>
         <value>0x1139</value>
         <object_component_ref idref="oc-e1"/>
      </symbol>
      <symbol id="sm-1f0">
         <name>IntMasterEnable</name>
         <value>0x1521</value>
         <object_component_ref idref="oc-e7"/>
      </symbol>
      <symbol id="sm-24c">
         <name>SysCtlPeripheralPresent</name>
         <value>0x138d</value>
         <object_component_ref idref="oc-17d"/>
      </symbol>
      <symbol id="sm-24d">
         <name>SysCtlClockSet</name>
         <value>0xde1</value>
         <object_component_ref idref="oc-10c"/>
      </symbol>
      <symbol id="sm-24e">
         <name>SysCtlDelay</name>
         <value>0x15c1</value>
         <object_component_ref idref="oc-fd"/>
      </symbol>
      <symbol id="sm-24f">
         <name>SysCtlPeripheralEnable</name>
         <value>0x13c5</value>
         <object_component_ref idref="oc-7b"/>
      </symbol>
      <symbol id="sm-250">
         <name>SysCtlClockGet</name>
         <value>0xcd5</value>
         <object_component_ref idref="oc-118"/>
      </symbol>
      <symbol id="sm-2b4">
         <name>UARTConfigSetExpClk</name>
         <value>0x12c9</value>
         <object_component_ref idref="oc-183"/>
      </symbol>
      <symbol id="sm-2b5">
         <name>UARTDisable</name>
         <value>0x1471</value>
         <object_component_ref idref="oc-1f7"/>
      </symbol>
      <symbol id="sm-2b6">
         <name>UARTIntEnable</name>
         <value>0x15b3</value>
         <object_component_ref idref="oc-ed"/>
      </symbol>
      <symbol id="sm-2b7">
         <name>UARTCharsAvail</name>
         <value>0x1567</value>
         <object_component_ref idref="oc-c3"/>
      </symbol>
      <symbol id="sm-2b8">
         <name>UARTCharGetNonBlocking</name>
         <value>0x153f</value>
         <object_component_ref idref="oc-bd"/>
      </symbol>
      <symbol id="sm-2b9">
         <name>UARTClockSourceSet</name>
         <value>0x15c7</value>
         <object_component_ref idref="oc-d5"/>
      </symbol>
      <symbol id="sm-2ba">
         <name>UARTCharPut</name>
         <value>0x159f</value>
         <object_component_ref idref="oc-fe"/>
      </symbol>
      <symbol id="sm-2bb">
         <name>UARTEnable</name>
         <value>0x14d5</value>
         <object_component_ref idref="oc-189"/>
      </symbol>
      <symbol id="sm-2bc">
         <name>UARTIntClear</name>
         <value>0x15d3</value>
         <object_component_ref idref="oc-b7"/>
      </symbol>
      <symbol id="sm-2bd">
         <name>UARTIntStatus</name>
         <value>0x15a9</value>
         <object_component_ref idref="oc-b1"/>
      </symbol>
      <symbol id="sm-2be">
         <name>UARTCharGet</name>
         <value>0x1595</value>
         <object_component_ref idref="oc-18f"/>
      </symbol>
      <symbol id="sm-2c8">
         <name>CPUcpsie</name>
         <value>0x155b</value>
         <object_component_ref idref="oc-1ac"/>
      </symbol>
      <symbol id="sm-2da">
         <name>_c_int00</name>
         <value>0x11a1</value>
         <object_component_ref idref="oc-24"/>
      </symbol>
      <symbol id="sm-2db">
         <name>__stack</name>
         <value>0x20000000</value>
         <object_component_ref idref="oc-29"/>
      </symbol>
      <symbol id="sm-2f2">
         <name>__TI_decompress_none</name>
         <value>0x154d</value>
         <object_component_ref idref="oc-12"/>
      </symbol>
      <symbol id="sm-31a">
         <name>__TI_decompress_rle24</name>
         <value>0x15cd</value>
         <object_component_ref idref="oc-18"/>
      </symbol>
      <symbol id="sm-32c">
         <name>__TI_zero_init</name>
         <value>0x1573</value>
         <object_component_ref idref="oc-1e"/>
      </symbol>
      <symbol id="sm-34b">
         <name>C$$EXIT</name>
         <value>0x1285</value>
         <object_component_ref idref="oc-70"/>
      </symbol>
      <symbol id="sm-34c">
         <name>abort</name>
         <value>0x1289</value>
         <object_component_ref idref="oc-70"/>
      </symbol>
      <symbol id="sm-34d">
         <name>exit</name>
         <value>0x1291</value>
         <object_component_ref idref="oc-70"/>
      </symbol>
      <symbol id="sm-34e">
         <name>__TI_dtors_ptr</name>
         <value>0x20000288</value>
         <object_component_ref idref="oc-151"/>
      </symbol>
      <symbol id="sm-34f">
         <name>__TI_cleanup_ptr</name>
         <value>0x20000284</value>
         <object_component_ref idref="oc-151"/>
      </symbol>
      <symbol id="sm-36a">
         <name>memcpy</name>
         <value>0xed1</value>
         <object_component_ref idref="oc-39"/>
      </symbol>
      <symbol id="sm-36b">
         <name>__aeabi_memcpy</name>
         <value>0xed1</value>
         <object_component_ref idref="oc-39"/>
      </symbol>
      <symbol id="sm-36c">
         <name>__aeabi_memcpy8</name>
         <value>0xed1</value>
         <object_component_ref idref="oc-39"/>
      </symbol>
      <symbol id="sm-36d">
         <name>__aeabi_memcpy4</name>
         <value>0xed1</value>
         <object_component_ref idref="oc-39"/>
      </symbol>
      <symbol id="sm-37c">
         <name>__aeabi_memset</name>
         <value>0xfe9</value>
         <object_component_ref idref="oc-52"/>
      </symbol>
      <symbol id="sm-37d">
         <name>memset</name>
         <value>0xfef</value>
         <object_component_ref idref="oc-52"/>
      </symbol>
      <symbol id="sm-37e">
         <name>__aeabi_memset8</name>
         <value>0xfe9</value>
         <object_component_ref idref="oc-52"/>
      </symbol>
      <symbol id="sm-37f">
         <name>__aeabi_memset4</name>
         <value>0xfe9</value>
         <object_component_ref idref="oc-52"/>
      </symbol>
      <symbol id="sm-380">
         <name>__aeabi_memclr8</name>
         <value>0xfe7</value>
         <object_component_ref idref="oc-52"/>
      </symbol>
      <symbol id="sm-381">
         <name>__aeabi_memclr4</name>
         <value>0xfe7</value>
         <object_component_ref idref="oc-52"/>
      </symbol>
      <symbol id="sm-382">
         <name>__aeabi_memclr</name>
         <value>0xfe7</value>
         <object_component_ref idref="oc-52"/>
      </symbol>
      <symbol id="sm-38c">
         <name>_system_pre_init</name>
         <value>0x15d7</value>
         <object_component_ref idref="oc-5e"/>
      </symbol>
      <symbol id="sm-394">
         <name>main_func_sp</name>
         <value>0x20000294</value>
         <object_component_ref idref="oc-76"/>
      </symbol>
      <symbol id="sm-3a7">
         <name>__aeabi_uidivmod</name>
         <value>0x130b</value>
         <object_component_ref idref="oc-19b"/>
      </symbol>
      <symbol id="sm-3a8">
         <name>__aeabi_uidiv</name>
         <value>0x130b</value>
         <object_component_ref idref="oc-19b"/>
      </symbol>
      <symbol id="sm-3c1">
         <name>_nop</name>
         <value>0x14f7</value>
         <object_component_ref idref="oc-1d7"/>
      </symbol>
      <symbol id="sm-3c2">
         <name>_lock</name>
         <value>0x2000027c</value>
         <object_component_ref idref="oc-14e"/>
      </symbol>
      <symbol id="sm-3c3">
         <name>_unlock</name>
         <value>0x20000280</value>
         <object_component_ref idref="oc-14e"/>
      </symbol>
      <symbol id="sm-3c4">
         <name>_register_lock</name>
         <value>0x14ef</value>
         <object_component_ref idref="oc-1d7"/>
      </symbol>
      <symbol id="sm-3c5">
         <name>_register_unlock</name>
         <value>0x14e9</value>
         <object_component_ref idref="oc-1d7"/>
      </symbol>
      <symbol id="sm-3da">
         <name>_args_main</name>
         <value>0x14bd</value>
         <object_component_ref idref="oc-6a"/>
      </symbol>
      <symbol id="sm-400">
         <name>__TI_auto_init</name>
         <value>0x1061</value>
         <object_component_ref idref="oc-64"/>
      </symbol>
      <symbol id="sm-41a">
         <name>copy_in</name>
         <value>0x11f1</value>
         <object_component_ref idref="oc-144"/>
      </symbol>
      <symbol id="sm-41b">
         <name>__TI_static_base__</name>
         <value>0x0</value>
      </symbol>
      <symbol id="sm-41e">
         <name>SHT$$INIT_ARRAY$$Limit</name>
         <value>0x0</value>
      </symbol>
      <symbol id="sm-41f">
         <name>SHT$$INIT_ARRAY$$Base</name>
         <value>0x0</value>
      </symbol>
   </symbol_table>
   <title>Link successful</title>
</link_info>
